Run options: exclude {no_create_swap_delete: true}
spec/integration/cli_cck/dns_enabled_unresponsive_agents_spec.rb:2289.9433448622003
spec/integration/config_server/config_server_sequenced_deploys_scenarios_spec.rb:1688.8536263853312
spec/integration/deploy_fix_spec.rb:1218.6554321409203
spec/integration/deploy/stemcell_configuration_spec.rb:1022.5673298048787
spec/integration/links/network_resolution_spec.rb:832.8885967363603
spec/integration/cli_variables_spec.rb:829.0187950921245
spec/integration/deploy/compiled_releases_spec.rb:818.0760965826921
spec/integration/cli_cck/dns_enabled_missing_disks_spec.rb:414.30771796638146
spec/integration/ignore_instance/basic_spec.rb:406.09320475813
spec/integration/director_scheduler_spec.rb:339.12702218070626
spec/integration/deploy/orphan_compilation_workers_spec.rb:317.67549814702943
spec/integration/deploy/dry_run_spec.rb:229.98946164594963
spec/integration/post_stop_spec.rb:145.9075562846847
spec/integration/ignore_instance/unresponsive_agent_spec.rb:132.72022564709187
spec/integration/release/release_lifecycle_spec.rb:127.65484500071034
spec/integration/deployed_variables_spec.rb:81.19841109775007
spec/integration/cli_cpi_config_spec.rb:75.58889271412045
spec/integration/director_certificate_expiry_spec.rb:13.835520474705845
Run options: exclude {no_create_swap_delete: true}
spec/integration/cli_cck/unresponsive_agents_spec.rb:3334.3937154538
spec/integration/links_spec.rb:1556.9425857481547
spec/integration/release/upload_release_spec.rb:1013.8287722128443
spec/integration/attach_disk_spec.rb:837.3758328850381
spec/integration/deploy/multiple_cloud_configs_spec.rb:802.4054817180149
spec/integration/health_monitor/resurrector_spec.rb:744.6928222547285
spec/integration/deploy_instance_groups_job_spec.rb:585.7083974340931
spec/integration/ignore_instance/zone_spec.rb:404.93173272674903
spec/integration/config_server/env_spec.rb:401.2519568838179
spec/integration/cli_instances_spec.rb:326.4380807559937
spec/integration/missing_stemcells_for_non_existing_vms_spec.rb:233.25648428406566
spec/integration/run_post_start_script_spec.rb:229.2666039429605
spec/integration/deploy/errand_jobs_spec.rb:169.3267839322798
spec/integration/cli_tasks_spec.rb:154.38007374992594
spec/integration/cli_cck/cloud_config_update_spec.rb:121.42826896207407
spec/integration/events_access_spec.rb:103.93511947011575
spec/integration/cancel_task_spec.rb:46.77730135899037
Run options: exclude {no_create_swap_delete: true}
spec/integration/network_configuration_spec.rb:1985.370121080894
spec/integration/links_migrated_from_spec.rb:1848.5094538549893
spec/integration/ignore_instance/deploying_spec.rb:1712.4351748530753
spec/integration/disk_types_spec.rb:1234.9589588618837
spec/integration/errand/run_errand_failure_spec.rb:1100.2212351718917
spec/integration/vm_types_and_stemcells_spec.rb:694.6089352886193
spec/integration/deploy_job_update_spec.rb:505.65492588002235
spec/integration/config_server/config_server_cpi_config_spec.rb:440.84103029500693
spec/integration/keep_unreachable_vms_spec.rb:388.15516359871253
spec/integration/ignore_instance/instance_actions_spec.rb:357.11051857983693
spec/integration/cli_deploy_uploading_spec.rb:319.1588276550174
spec/integration/orphaned_networks_spec.rb:276.90677200164646
spec/integration/config_server/config_server_certificate_expiry_spec.rb:264.3225938901305
spec/integration/global_networking/delete_deployment_spec.rb:229.21255159424618
spec/integration/deployment_configs_spec.rb:112.0482357237488
spec/integration/links/multiple_release_versions_spec.rb:104.88591160718352
spec/integration/deploy_scale_instances_change_lifecycle_spec.rb:101.56339417025447
spec/integration/errand/errands_variable_set_bug_spec.rb:72.62715981388465
spec/integration/cli_env_spec.rb:24.679135218728334
Run options: exclude {no_create_swap_delete: true}
spec/integration/drain_spec.rb:2984.6036815568805
spec/integration/links/cross_deployment_spec.rb:1806.7486509690061
spec/integration/health_monitor/hm_stateless_spec.rb:1492.0036463378929
spec/integration/config_server/config_server_certificate_link_spec.rb:759.0791829749942
spec/integration/config_server/config_server_spec.rb:728.680823829025
spec/integration/multiple_cpis_spec.rb:726.3527163239196
spec/integration/links/consuming_and_providing_spec.rb:709.3703774362803
spec/integration/vm_state_spec.rb:614.1206705537625
spec/integration/errand/list_errands_spec.rb:462.8150107697584
spec/integration/pre_stop_spec.rb:322.0415220321156
spec/integration/template_evaluation_spec.rb:225.05285180965438
spec/integration/deploy/recreate_disks_spec.rb:189.33129029674456
spec/integration/unresponsive_compilation_vm_spec.rb:187.61927955411375
spec/integration/cli_logs_spec.rb:141.65719981538132
spec/integration/links/link_properties_spec.rb:140.83784270193428
spec/integration/global_networking/changing_ip_range_spec.rb:133.56369573203847
spec/integration/deploy/local_template_properties_spec.rb:128.0689003560692
spec/integration/cli_login_spec.rb:82.78509463695809
spec/integration/upload_release_permission_spec.rb:28.939384353812784
spec/integration_support/spec/director_service_spec.rb:0.28130866307765245
spec/integration_support/spec/http_endpoint_connector_spec.rb:0.10662095714360476
spec/integration_support/spec/sandbox_spec.rb:0.09458119794726372
spec/integration_support/spec/socket_connector_spec.rb:0.0492683881893754
spec/shared/shared_support/spec/deployment_manifest_helper_spec.rb:0.03132142871618271
spec/integration_support/spec/table_helpers_spec.rb:0.015124219004064798
Run options: exclude {no_create_swap_delete: true}
spec/integration/links_api_spec.rb:5687.065860330127
spec/integration/global_networking/compilation_spec.rb:1170.2368420660496
spec/integration/cli_cck/dns_enabled_missing_vms_spec.rb:1092.3197590140626
spec/integration/cli_start_spec.rb:814.0140878139064
spec/integration/cli_stop_spec.rb:803.9308287589811
spec/integration/links/aliased_links_spec.rb:490.13876968296245
spec/integration/uaa/login_spec.rb:399.6817760942504
spec/integration/uaa/authorization_spec.rb:266.4359206338413
spec/integration/unmanaged_persistent_disks_spec.rb:245.51046098815277
spec/integration/nats_delivered_templates/nats_templates_delivery_spec.rb:230.81030557118356
spec/integration/addons/uaa_teams_spec.rb:225.04210879607126
spec/integration/config_server/config_server_disabled_spec.rb:197.78194320201874
spec/integration/release/delete_release_spec.rb:178.32221544533968
spec/integration/shutdown_spec.rb:131.47932681813836
spec/integration/deploy/template_safety_spec.rb:89.26733491197228
spec/integration/cli_locks_spec.rb:67.98229146935046
Run options: exclude {no_create_swap_delete: true}
spec/integration/create_swap_delete_update_spec.rb:2101.3594037382863
spec/integration/links_local_dns_spec.rb:2032.236766033806
spec/integration/config_server/config_server_links_spec.rb:1446.8326993468218
spec/integration/global_networking/failing_deploy_spec.rb:1141.9996131421067
spec/integration/cli_deployment_process_spec.rb:1013.3017098042183
spec/integration/config_server/tags_spec.rb:726.6206153850071
spec/integration/cli_vms_spec.rb:688.0549718062393
spec/integration/global_networking/changing_cloud_config_spec.rb:627.1335790660232
spec/integration/cpi_spec.rb:599.7077097706497
spec/integration/cli_configs_spec.rb:489.8158699837513
spec/integration/deploy_with_update_disk_spec.rb:328.3442304707132
spec/integration/deploy/exported_from_spec.rb:237.3179783290252
spec/integration/ignore_instance/networking_spec.rb:227.42712904699147
spec/integration/links/dns_alias_spec.rb:130.39215478580445
spec/integration/links/link_parse_validation_spec.rb:114.76030590478331
spec/integration/cli_events_spec.rb:107.9931159960106
spec/integration/global_networking/dynamic_networks_spec.rb:100.77397786732763
spec/integration/release/inspect_release_spec.rb:31.029185319319367
Run options: exclude {no_create_swap_delete: true}
spec/integration/global_networking/availability_zones_spec.rb:2555.9930493431166
spec/integration/global_networking/ip_reservations/allocating_static_ips_spec.rb:1970.8811325738207
spec/integration/release/export_release_spec.rb:1454.3889371012338
spec/integration/network_lifecycle_spec.rb:1030.271847766824
spec/integration/addons/runtime_config_spec.rb:954.0932640619576
spec/integration/cli_restart_isolated_spec.rb:919.34186116606
spec/integration/orphaned_disks_spec.rb:627.6435601077974
spec/integration/cli_stemcell_spec.rb:524.5771719720215
spec/integration/health_monitor/hm_stateful_spec.rb:515.7729281503707
spec/integration/deploy/password_spec.rb:337.8494124333374
spec/integration/deploy/dns_disabled_spec.rb:252.46334431599826
spec/integration/ignore_instance/hm_spec.rb:248.93499016808346
spec/integration/cli_restart_spec.rb:232.7863710746169
spec/integration/deploy/simple_spec.rb:149.82738817902282
spec/integration/cck_vm_extensions_spec.rb:137.38600800884888
spec/integration/global_networking/renaming_network_spec.rb:134.27738949796185
spec/integration/deploy/large_manifest_spec.rb:78.24622723693028
spec/integration/blob_verification_spec.rb:41.22467318130657
spec/integration/stemcell_uploads_spec.rb:10.113032286055386
Run options: exclude {no_create_swap_delete: true}
spec/integration/errand/run_release_job_errand_spec.rb:2828.643645859789
spec/integration/addons/basic_spec.rb:1805.0053324517794
spec/integration/cli_recreate_spec.rb:1074.634492504876
spec/integration/cli_stop_isolated_spec.rb:1046.4875640501268
spec/integration/deploy/basic_spec.rb:973.4048033421859
spec/integration/links/optional_links_spec.rb:830.2384345130995
spec/integration/config_server/config_server_runtime_config_spec.rb:761.7451167316176
spec/integration/global_networking/simultaneous_deploys_spec.rb:583.2460973407142
spec/integration/cli_runtime_config_spec.rb:444.0005078408867
spec/integration/deploy_with_resize_disk_spec.rb:439.82093992689624
spec/integration/cli_cck/dns_enabled_old_cloud_config_spec.rb:332.84548949077725
spec/integration/links/export_release_spec.rb:207.82801166782156
spec/integration/package_dependencies_spec.rb:205.27854250138626
spec/integration/cli_package_compilation_spec.rb:196.78371217893437
spec/integration/update_settings_spec.rb:171.19546883599833
spec/integration/director_logs_spec.rb:106.46163872582838
spec/integration/cli_manifest_spec.rb:103.7674056920223
spec/integration/links/errand_links_spec.rb:87.78113945713267
spec/integration_support/spec/dummy_cpi_spec.rb:0.30169057194143534
Run options: exclude {no_create_swap_delete: true}
spec/integration/local_dns_spec.rb:2441.412272827234
spec/integration/errand/run_errand_success_spec.rb:2202.288091085851
spec/integration/cli_cleanup_spec.rb:1230.7661890769377
spec/integration/config_server/config_server_variables_generation_spec.rb:1100.166808722075
spec/integration/global_networking/migrated_from_spec.rb:992.8317500618286
spec/integration/vm_orphan_spec.rb:797.1664635497145
spec/integration/cpi_and_agent_spec.rb:776.4975295611657
spec/integration/deploy/post_deploy_spec.rb:776.4255637582392
spec/integration/global_networking/vip_networks_spec.rb:446.8079213369638
spec/integration/cpi_versions/director_cpi_v2_spec.rb:417.28786227479577
spec/integration/cli_alias_env_spec.rb:198.5406671250239
spec/integration/global_networking/network_spanning_multiple_azs_spec.rb:195.71486696321517
spec/integration/errand/cleanup_obsolete_errand_instances_spec.rb:188.7956802318804
spec/integration/fetching_logs_spec.rb:174.90108297998086
spec/integration/vm_delete_spec.rb:149.05207506893203
spec/integration/auditlog_spec.rb:130.59953421587124
spec/integration/nats/nats_server_spec.rb:78.87678204383701
spec/integration/api_jobs_spec.rb:53.57266534725204
spec/integration/upload_stemcells_permission_spec.rb:38.717913126107305
Run options: exclude {no_create_swap_delete: true}
spec/integration/config_server/config_server_cloud_config_spec.rb:3581.1726452941075
spec/integration/agent_spec.rb:2167.0830537891015
spec/integration/cli_start_isolated_spec.rb:1463.485681372229
spec/integration/cli_recreate_isolated_spec.rb:989.7278451449238
spec/integration/addons/named_runtime_configs_spec.rb:970.7583934841678
spec/integration/calculated_vm_properties_spec.rb:919.0159418224357
spec/integration/global_networking/ip_reservations/allocating_dynamic_ips_spec.rb:509.18850132776424
spec/integration/cross_release_collocation_spec.rb:405.773002976086
spec/integration/config_server/config_server_errand_spec.rb:292.3175923358649
spec/integration/cli_cloud_config_spec.rb:291.113529084716
spec/integration/managed_persistent_disk_spec.rb:237.68217566702515
spec/integration/deploy/encoding_spec.rb:175.90006563905627
spec/integration/nats/nats_server_ca_issues_spec.rb:154.48910851916298
spec/integration/cancel_tasks_spec.rb:119.65285645099357
spec/integration/deploy/pre_start_spec.rb:92.25354836089537
spec/integration/delete_arp_entries_spec.rb:75.07091822521761
spec/integration/links/broken_links_spec.rb:51.10958855692297
spec/integration/cli_blobs_spec.rb:40.31271378323436
spec/integration/config_server/config_server_untrusted_certs_spec.rb:26.70377769926563
spec/integration/cli_prerequisites_spec.rb:16.949136598035693
