Run options: exclude {create_swap_delete: true}
spec/integration/drain_spec.rb:1643.8598899058998
spec/integration/cli_recreate_spec.rb:751.967641511932
spec/integration/disk_types_spec.rb:693.8235716000199
spec/integration/deploy/stemcell_configuration_spec.rb:616.2754244906828
spec/integration/uaa/login_spec.rb:561.664563041646
spec/integration/addons/runtime_config_spec.rb:555.9604750699364
spec/integration/calculated_vm_properties_spec.rb:479.6208837321028
spec/integration/config_server/config_server_runtime_config_spec.rb:424.37405801424757
spec/integration/keep_unreachable_vms_spec.rb:331.94411672325805
spec/integration/package_dependencies_spec.rb:192.6024858057499
spec/integration/deploy/dry_run_spec.rb:150.3188377348706
spec/integration/template_evaluation_spec.rb:146.8230165480636
spec/integration/cli_cck/dns_enabled_old_cloud_config_spec.rb:138.45238578878343
spec/integration/addons/uaa_teams_spec.rb:93.89025041181594
spec/integration/deploy/local_template_properties_spec.rb:93.30634045600891
spec/integration/deploy/template_safety_spec.rb:86.60285016614944
spec/integration/cli_cpi_config_spec.rb:37.92080307099968
spec/integration/cancel_task_spec.rb:31.947967678308487
spec/integration/director_certificate_expiry_spec.rb:11.48279681103304
Run options: exclude {create_swap_delete: true}
spec/integration/config_server/config_server_cloud_config_spec.rb:2178.8964716931805
spec/integration/links/cross_deployment_spec.rb:1115.4374522757716
spec/integration/global_networking/ip_reservations/allocating_dynamic_ips_spec.rb:749.4111609370448
spec/integration/release/upload_release_spec.rb:739.5947932307608
spec/integration/cli_variables_spec.rb:471.7781129516661
spec/integration/config_server/config_server_spec.rb:433.0375071479939
spec/integration/config_server/env_spec.rb:338.76485785562545
spec/integration/cross_release_collocation_spec.rb:224.4087849687785
spec/integration/ignore_instance/hm_spec.rb:191.70166193321347
spec/integration/vm_delete_spec.rb:155.8218992035836
spec/integration/deploy/exported_from_spec.rb:154.50311512732878
spec/integration/missing_stemcells_for_non_existing_vms_spec.rb:153.8507575346157
spec/integration/cli_package_compilation_spec.rb:136.97917110705748
spec/integration/links/broken_links_spec.rb:110.43704701494426
spec/integration/cli_login_spec.rb:86.71619375795126
spec/integration/links/link_parse_validation_spec.rb:73.69338989118114
spec/integration/errand/errands_variable_set_bug_spec.rb:37.56638608593494
spec/integration_support/spec/director_service_spec.rb:0.20086949691176414
spec/integration_support/spec/http_endpoint_connector_spec.rb:0.0747768790461123
spec/integration_support/spec/sandbox_spec.rb:0.04560610931366682
spec/integration_support/spec/socket_connector_spec.rb:0.032582329120486975
spec/shared/shared_support/spec/deployment_manifest_helper_spec.rb:0.0211115600541234
spec/integration_support/spec/table_helpers_spec.rb:0.009714388754218817
Run options: exclude {create_swap_delete: true}
spec/integration/errand/run_release_job_errand_spec.rb:1813.0831267111935
spec/integration/addons/basic_spec.rb:1191.64528199099
spec/integration/config_server/config_server_links_spec.rb:955.2102149398997
spec/integration/vm_types_and_stemcells_spec.rb:674.549723522272
spec/integration/cli_vms_spec.rb:450.1144088031724
spec/integration/deploy/multiple_cloud_configs_spec.rb:422.16707279207185
spec/integration/config_server/config_server_certificate_link_spec.rb:382.88190576294437
spec/integration/update_settings_spec.rb:303.66416173800826
spec/integration/config_server/config_server_cpi_config_spec.rb:291.70456110686064
spec/integration/deploy/encoding_spec.rb:198.42840793635696
spec/integration/run_post_start_script_spec.rb:167.21254765009508
spec/integration/deploy/pre_start_spec.rb:165.03329046303406
spec/integration/cli_restart_spec.rb:131.04633508482948
spec/integration/links/export_release_spec.rb:121.83412136696279
spec/integration/deployment_configs_spec.rb:85.43805980216712
spec/integration/cli_logs_spec.rb:83.68638465413824
spec/integration/deploy/large_manifest_spec.rb:34.1268925126642
spec/integration/cli_prerequisites_spec.rb:5.538477633614093
Run options: exclude {create_swap_delete: true}
spec/integration/errand/run_errand_success_spec.rb:1280.2717178603634
spec/integration/create_swap_delete_update_spec.rb:1114.4881422203034
spec/integration/config_server/config_server_sequenced_deploys_scenarios_spec.rb:929.1043573911302
spec/integration/vm_state_spec.rb:673.5724164037965
spec/integration/network_lifecycle_spec.rb:638.1932984730229
spec/integration/global_networking/vip_networks_spec.rb:626.3792447987944
spec/integration/addons/named_runtime_configs_spec.rb:532.2980100670829
spec/integration/deploy_with_resize_disk_spec.rb:307.5835225591436
spec/integration/uaa/authorization_spec.rb:276.6176558807492
spec/integration/cli_deploy_uploading_spec.rb:249.42506767483428
spec/integration/pre_stop_spec.rb:232.8041089703329
spec/integration/cli_alias_env_spec.rb:172.61487560300156
spec/integration/global_networking/ip_reservations/allocating_dynamic_ips_using_two_networks_spec.rb:119.26591991214082
spec/integration/post_stop_spec.rb:103.71029859315604
spec/integration/deploy_scale_instances_change_lifecycle_spec.rb:67.08957442594692
spec/integration/cli_tasks_spec.rb:62.1738341501914
spec/integration/deploy/simple_spec.rb:51.477630224078894
spec/integration/cli_locks_spec.rb:43.908162981737405
spec/integration/cli_env_spec.rb:7.166687319986522
Run options: exclude {create_swap_delete: true}
spec/integration/local_dns_spec.rb:1761.3725105561316
spec/integration/network_configuration_spec.rb:1229.2730192388408
spec/integration/health_monitor/hm_stateless_spec.rb:1197.0416060951538
spec/integration/cli_cleanup_spec.rb:657.7411707951687
spec/integration/links/network_resolution_spec.rb:540.8551002298482
spec/integration/cli_start_spec.rb:491.0850247251801
spec/integration/links/consuming_and_providing_spec.rb:463.0364072271623
spec/integration/cpi_spec.rb:267.4958639596589
spec/integration/cli_configs_spec.rb:194.95630165422335
spec/integration/cli_cloud_config_spec.rb:178.97144297417253
spec/integration/config_server/config_server_certificate_expiry_spec.rb:175.83621481992304
spec/integration/deploy/orphan_compilation_workers_spec.rb:145.90337065793574
spec/integration/cpi_versions/director_cpi_v2_spec.rb:108.06925716577098
spec/integration/cli_cck/cloud_config_update_spec.rb:100.05075815785676
spec/integration/links/errand_links_spec.rb:91.00017222482711
spec/integration/blob_verification_spec.rb:81.73477673018351
spec/integration/release/delete_release_spec.rb:81.59141083434224
spec/integration/links/dns_alias_spec.rb:72.80934896087274
spec/integration_support/spec/dummy_cpi_spec.rb:0.3433856051415205
Run options: exclude {create_swap_delete: true}
spec/integration/links_api_spec.rb:3503.650623274967
spec/integration/cli_start_isolated_spec.rb:858.9086895138025
spec/integration/cli_recreate_isolated_spec.rb:537.902365016751
spec/integration/global_networking/changing_cloud_config_spec.rb:417.58933142386377
spec/integration/cli_stemcell_spec.rb:387.1690581277944
spec/integration/multiple_cpis_spec.rb:364.49529333319515
spec/integration/config_server/tags_spec.rb:310.3968824814074
spec/integration/director_scheduler_spec.rb:296.83369820797816
spec/integration/ignore_instance/zone_spec.rb:279.02455635741353
spec/integration/ignore_instance/basic_spec.rb:234.71228278195485
spec/integration/orphaned_networks_spec.rb:143.61985836317763
spec/integration/ignore_instance/unresponsive_agent_spec.rb:127.8253840408288
spec/integration/cancel_tasks_spec.rb:126.4587441617623
spec/integration/deploy/dns_disabled_spec.rb:125.50534017384052
spec/integration/director_logs_spec.rb:62.971014915034175
spec/integration/links/multiple_release_versions_spec.rb:57.031920718960464
spec/integration/upload_stemcells_permission_spec.rb:19.22943096468225
Run options: exclude {create_swap_delete: true}
spec/integration/global_networking/availability_zones_spec.rb:1427.316451122053
spec/integration/agent_spec.rb:1287.9639141201042
spec/integration/links_migrated_from_spec.rb:1282.2368633616716
spec/integration/links/optional_links_spec.rb:780.5787900541909
spec/integration/cli_stop_spec.rb:529.8015922200866
spec/integration/errand/run_errand_failure_spec.rb:483.79158251872286
spec/integration/attach_disk_spec.rb:473.2527430066839
spec/integration/orphaned_disks_spec.rb:307.01289945608005
spec/integration/links/aliased_links_spec.rb:234.74887025682256
spec/integration/ignore_instance/networking_spec.rb:215.48131412593648
spec/integration/cli_cck/dns_enabled_missing_disks_spec.rb:193.83182595996186
spec/integration/cli_instances_spec.rb:174.80916340090334
spec/integration/global_networking/dynamic_networks_spec.rb:116.3751769317314
spec/integration/global_networking/renaming_network_spec.rb:99.73557258676738
spec/integration/errand/cleanup_obsolete_errand_instances_spec.rb:96.10564693296328
spec/integration/delete_arp_entries_spec.rb:61.19753997027874
spec/integration/global_networking/changing_ip_range_spec.rb:49.507864142768085
spec/integration/cli_blobs_spec.rb:34.86858694488183
spec/integration/upload_release_permission_spec.rb:11.055640513077378
spec/integration/stemcell_uploads_spec.rb:9.527822013013065
Run options: exclude {create_swap_delete: true}
spec/integration/links_local_dns_spec.rb:1867.3591641481034
spec/integration/ignore_instance/deploying_spec.rb:1169.0996204479598
spec/integration/links_spec.rb:1006.6756670861505
spec/integration/global_networking/compilation_spec.rb:677.4886825350113
spec/integration/cli_cck/dns_enabled_missing_vms_spec.rb:657.5077153816819
spec/integration/health_monitor/resurrector_spec.rb:602.0928699937649
spec/integration/deploy/compiled_releases_spec.rb:455.31938172644004
spec/integration/managed_persistent_disk_spec.rb:302.8255945658311
spec/integration/errand/list_errands_spec.rb:283.4542470029555
spec/integration/deploy_with_update_disk_spec.rb:264.951864246279
spec/integration/ignore_instance/instance_actions_spec.rb:214.90225978707895
spec/integration/global_networking/network_spanning_multiple_azs_spec.rb:119.18544026790187
spec/integration/nats_delivered_templates/nats_templates_delivery_spec.rb:114.94828198803589
spec/integration/deploy/errand_jobs_spec.rb:104.35632897401229
spec/integration/cli_manifest_spec.rb:90.55279845837504
spec/integration/deploy/recreate_disks_spec.rb:69.8454487239942
spec/integration/cli_events_spec.rb:56.6009092470631
spec/integration/config_server/config_server_untrusted_certs_spec.rb:26.14943358907476
Run options: exclude {create_swap_delete: true}
spec/integration/cli_cck/dns_enabled_unresponsive_agents_spec.rb:1833.597891618032
spec/integration/global_networking/ip_reservations/allocating_static_ips_spec.rb:1044.2932756468654
spec/integration/vm_orphan_spec.rb:789.73520307336
spec/integration/config_server/config_server_variables_generation_spec.rb:738.8104075440206
spec/integration/global_networking/migrated_from_spec.rb:695.7282451018691
spec/integration/cli_deployment_process_spec.rb:603.7825158229098
spec/integration/cli_stop_isolated_spec.rb:565.873874661047
spec/integration/deploy_instance_groups_job_spec.rb:376.1886577918194
spec/integration/global_networking/simultaneous_deploys_spec.rb:354.6153403571807
spec/integration/unmanaged_persistent_disks_spec.rb:254.11252399301156
spec/integration/config_server/config_server_errand_spec.rb:183.06492933211848
spec/integration/nats/nats_server_ca_issues_spec.rb:180.60967099200934
spec/integration/unresponsive_compilation_vm_spec.rb:145.2858809120953
spec/integration/nats/nats_server_spec.rb:116.85440383385867
spec/integration/config_server/config_server_disabled_spec.rb:105.7761793169193
spec/integration/release/release_lifecycle_spec.rb:94.00833385623991
spec/integration/global_networking/delete_deployment_spec.rb:92.50057099713013
spec/integration/events_access_spec.rb:55.95026078494266
Run options: exclude {create_swap_delete: true}
spec/integration/cli_cck/unresponsive_agents_spec.rb:2396.2945037968457
spec/integration/deploy_fix_spec.rb:939.5148032810539
spec/integration/release/export_release_spec.rb:894.5513662439771
spec/integration/global_networking/failing_deploy_spec.rb:693.2764344471507
spec/integration/deploy/basic_spec.rb:575.6944764261134
spec/integration/cli_restart_isolated_spec.rb:508.86542862374336
spec/integration/health_monitor/hm_stateful_spec.rb:397.2969853817485
spec/integration/deploy/post_deploy_spec.rb:374.36471056286246
spec/integration/deploy_job_update_spec.rb:348.41735923988745
spec/integration/deploy/password_spec.rb:300.85684749204665
spec/integration/cpi_and_agent_spec.rb:213.31211554212496
spec/integration/cli_runtime_config_spec.rb:118.04449622472748
spec/integration/auditlog_spec.rb:101.06099328119308
spec/integration/links/link_properties_spec.rb:94.4127671001479
spec/integration/cck_vm_extensions_spec.rb:81.48221435397863
spec/integration/fetching_logs_spec.rb:78.93836737936363
spec/integration/deployed_variables_spec.rb:72.75620388193056
spec/integration/api_jobs_spec.rb:57.13099936628714
spec/integration/release/inspect_release_spec.rb:23.753512125927955
