Run options: exclude {create_swap_delete: true, db: :postgresql}
spec/integration/local_dns_spec.rb:2373.195430526015
spec/integration/links/optional_links_spec.rb:1544.9372623110103
spec/integration/global_networking/ip_reservations/allocating_static_ips_spec.rb:1452.8075990180077
spec/integration/health_monitor/resurrector_spec.rb:817.1004293759906
spec/integration/addons/named_runtime_configs_spec.rb:666.4052868730068
spec/integration/global_networking/simultaneous_deploys_spec.rb:661.0175949169934
spec/integration/global_networking/failing_deploy_spec.rb:593.2828836819972
spec/integration/ignore_instance/zone_spec.rb:427.0769242600072
spec/integration/config_server/env_spec.rb:298.4881189799926
spec/integration/cli_deploy_uploading_spec.rb:195.0778467689961
spec/integration/config_server/config_server_certificate_expiry_spec.rb:168.26424849200703
spec/integration/deploy/errand_jobs_spec.rb:149.86991981799656
spec/integration/global_networking/ip_reservations/allocating_dynamic_ips_using_two_networks_spec.rb:145.57147160399472
spec/integration/deploy/dry_run_spec.rb:122.30882543300686
spec/integration/release/release_lifecycle_spec.rb:102.26087128400104
spec/integration/director_logs_spec.rb:80.74453072200413
spec/integration/upload_stemcells_permission_spec.rb:36.40617566500441
Run options: exclude {create_swap_delete: true, db: :postgresql}
spec/integration/errand/run_errand_success_spec.rb:2136.55456728999
spec/integration/agent_spec.rb:1586.3445021920052
spec/integration/deploy_fix_spec.rb:1239.8120497830096
spec/integration/release/upload_release_spec.rb:1009.0548021559953
spec/integration/global_networking/migrated_from_spec.rb:909.5396189900057
spec/integration/cli_start_spec.rb:480.77932299299573
spec/integration/config_server/config_server_certificate_link_spec.rb:435.7443311090028
spec/integration/cpi_spec.rb:363.4086066900054
spec/integration/pre_stop_spec.rb:265.66942010298953
spec/integration/package_dependencies_spec.rb:239.51350126598845
spec/integration/release/delete_release_spec.rb:233.6926581269945
spec/integration/orphaned_networks_spec.rb:223.93647902001976
spec/integration/deploy/pre_start_spec.rb:187.68792998300341
spec/integration/cpi_and_agent_spec.rb:156.3784605180117
spec/integration/deploy/local_template_properties_spec.rb:139.82526445400435
spec/integration/post_stop_spec.rb:137.34788350202143
spec/integration/cli_manifest_spec.rb:68.26495527899533
spec/integration/links/errand_links_spec.rb:58.4956198509899
Run options: exclude {create_swap_delete: true, db: :postgresql}
spec/integration/cli_cck/dns_enabled_unresponsive_agents_spec.rb:1778.2998385300016
spec/integration/links_spec.rb:1491.9550862600154
spec/integration/health_monitor/hm_stateless_spec.rb:1260.043652725013
spec/integration/config_server/config_server_variables_generation_spec.rb:1031.457579023001
spec/integration/errand/run_errand_failure_spec.rb:873.207576759989
spec/integration/addons/runtime_config_spec.rb:665.5044070630101
spec/integration/global_networking/changing_cloud_config_spec.rb:661.9820632969931
spec/integration/deploy/post_deploy_spec.rb:643.1934201450058
spec/integration/director_scheduler_spec.rb:354.60309335798956
spec/integration/ignore_instance/basic_spec.rb:260.46653944501304
spec/integration/ignore_instance/networking_spec.rb:176.38247969199438
spec/integration/cli_restart_spec.rb:143.07984161200875
spec/integration/cli_package_compilation_spec.rb:135.62533222899947
spec/integration/deploy_scale_instances_change_lifecycle_spec.rb:105.3207848220045
spec/integration/cli_logs_spec.rb:93.10235924000153
spec/integration/auditlog_spec.rb:91.53453414198884
spec/integration/links/multiple_release_versions_spec.rb:78.36006021601497
spec/integration/cli_login_spec.rb:33.89488418099063
spec/integration/stemcell_uploads_spec.rb:13.667169142019702
Run options: exclude {create_swap_delete: true, db: :postgresql}
spec/integration/errand/run_release_job_errand_spec.rb:2841.080087757
spec/integration/ignore_instance/deploying_spec.rb:1260.9978984010231
spec/integration/global_networking/compilation_spec.rb:958.3522749470139
spec/integration/config_server/config_server_links_spec.rb:898.8442060170055
spec/integration/managed_persistent_disk_spec.rb:756.9866524919926
spec/integration/cli_stop_isolated_spec.rb:645.8714753320091
spec/integration/config_server/config_server_runtime_config_spec.rb:497.6630331780034
spec/integration/cli_stemcell_spec.rb:380.07121424700017
spec/integration/links/aliased_links_spec.rb:315.34296650098986
spec/integration/config_server/config_server_errand_spec.rb:228.55247029999737
spec/integration/uaa/authorization_spec.rb:202.05767951600137
spec/integration/nats/nats_server_ca_issues_spec.rb:185.3993197630043
spec/integration/deploy/exported_from_spec.rb:178.69244540100044
spec/integration/errand/cleanup_obsolete_errand_instances_spec.rb:133.90129352000076
spec/integration/nats/nats_server_spec.rb:116.10929323997698
spec/integration/cli_tasks_spec.rb:108.63979551699595
spec/integration/release/inspect_release_spec.rb:82.03624069399666
spec/integration/global_networking/changing_ip_range_spec.rb:80.69820109399734
spec/integration/cli_cpi_config_spec.rb:68.79911151299893
Run options: exclude {create_swap_delete: true, db: :postgresql}
spec/integration/release/export_release_spec.rb:1937.861096085995
spec/integration/global_networking/availability_zones_spec.rb:1535.0516463910026
spec/integration/vm_orphan_spec.rb:1250.7179995470215
spec/integration/global_networking/ip_reservations/allocating_dynamic_ips_spec.rb:1204.78488427501
spec/integration/multiple_cpis_spec.rb:806.9430499250011
spec/integration/deploy/basic_spec.rb:688.2445791710052
spec/integration/uaa/login_spec.rb:618.8495018469985
spec/integration/config_server/config_server_cpi_config_spec.rb:391.12003003699647
spec/integration/deploy_instance_groups_job_spec.rb:358.87058304100356
spec/integration/ignore_instance/hm_spec.rb:253.60388720101037
spec/integration/missing_stemcells_for_non_existing_vms_spec.rb:221.01463079999667
spec/integration/global_networking/dynamic_networks_spec.rb:220.15788816100394
spec/integration/global_networking/renaming_network_spec.rb:183.6168178379885
spec/integration/addons/uaa_teams_spec.rb:157.68325312499655
spec/integration/cli_runtime_config_spec.rb:133.1459281349962
spec/integration/links/link_parse_validation_spec.rb:112.51163115599775
spec/integration/deploy/large_manifest_spec.rb:78.85695017399848
spec/integration/cli_blobs_spec.rb:21.70819404600479
Run options: exclude {create_swap_delete: true, db: :postgresql}
spec/integration/cli_cck/unresponsive_agents_spec.rb:2472.9429994749953
spec/integration/links/cross_deployment_spec.rb:1225.6756801310112
spec/integration/cli_recreate_spec.rb:1208.0150827210018
spec/integration/cli_recreate_isolated_spec.rb:871.0077445159986
spec/integration/cli_stop_spec.rb:791.2431674569962
spec/integration/vm_state_spec.rb:554.8769714219961
spec/integration/calculated_vm_properties_spec.rb:539.9595695300086
spec/integration/errand/list_errands_spec.rb:539.2678864629997
spec/integration/unmanaged_persistent_disks_spec.rb:537.796686119982
spec/integration/deploy_with_update_disk_spec.rb:365.0113805639994
spec/integration/run_post_start_script_spec.rb:259.0566285759851
spec/integration/cpi_versions/director_cpi_v2_spec.rb:244.00319622000097
spec/integration/links/link_properties_spec.rb:163.6756139830104
spec/integration/global_networking/network_spanning_multiple_azs_spec.rb:159.80481970999972
spec/integration/ignore_instance/unresponsive_agent_spec.rb:109.62862108799163
spec/integration/events_access_spec.rb:106.03028011700371
spec/integration/cli_locks_spec.rb:57.264289415994426
spec/integration/cli_prerequisites_spec.rb:16.763883061008528
Run options: exclude {create_swap_delete: true, db: :postgresql}
spec/integration/links_api_spec.rb:5167.074607239003
spec/integration/cli_deployment_process_spec.rb:827.6680625150038
spec/integration/links/network_resolution_spec.rb:750.8513074779912
spec/integration/orphaned_disks_spec.rb:677.6446391659847
spec/integration/cli_variables_spec.rb:597.6009081119992
spec/integration/vm_types_and_stemcells_spec.rb:469.0940524729958
spec/integration/config_server/config_server_spec.rb:464.55291996800224
spec/integration/nats_delivered_templates/nats_templates_delivery_spec.rb:267.8278122289921
spec/integration/deploy_with_resize_disk_spec.rb:235.5097270510014
spec/integration/deploy/orphan_compilation_workers_spec.rb:186.56772823800566
spec/integration/cli_alias_env_spec.rb:177.16995672300982
spec/integration/cck_vm_extensions_spec.rb:91.39359635800065
spec/integration/cli_events_spec.rb:77.03192689199932
spec/integration/deploy/simple_spec.rb:76.7791714920022
spec/integration/cancel_tasks_spec.rb:66.61474744499719
spec/integration/deployed_variables_spec.rb:61.51966969699424
spec/integration/api_jobs_spec.rb:39.6176792519982
spec/integration/cli_env_spec.rb:7.20327949798957
Run options: exclude {create_swap_delete: true, db: :postgresql}
spec/integration/config_server/config_server_cloud_config_spec.rb:3630.0338920529903
spec/integration/addons/basic_spec.rb:1304.5486470530013
spec/integration/cli_start_isolated_spec.rb:1117.8935097329959
spec/integration/network_lifecycle_spec.rb:707.3351642100024
spec/integration/cli_cck/dns_enabled_missing_vms_spec.rb:604.3661231519945
spec/integration/deploy/multiple_cloud_configs_spec.rb:522.1666734650207
spec/integration/attach_disk_spec.rb:517.5028294090007
spec/integration/health_monitor/hm_stateful_spec.rb:471.9816200839996
spec/integration/ignore_instance/instance_actions_spec.rb:377.42492834400036
spec/integration/cli_configs_spec.rb:236.39854274201207
spec/integration/deploy/dns_disabled_spec.rb:145.15368646898423
spec/integration/links/broken_links_spec.rb:139.96589272801066
spec/integration/unresponsive_compilation_vm_spec.rb:135.66655455500586
spec/integration/template_evaluation_spec.rb:93.64260070101591
spec/integration/deploy/recreate_disks_spec.rb:88.69511993700871
spec/integration/deployment_configs_spec.rb:79.9413679119898
spec/integration/deploy/template_safety_spec.rb:66.94974104000721
spec/integration/config_server/config_server_untrusted_certs_spec.rb:23.45342800798244
spec/integration/upload_release_permission_spec.rb:10.864016125997296
Run options: exclude {create_swap_delete: true, db: :postgresql}
spec/integration/drain_spec.rb:2547.3949942549807
spec/integration/links_migrated_from_spec.rb:1655.6780213820166
spec/integration/disk_types_spec.rb:1194.0757392919913
spec/integration/config_server/config_server_sequenced_deploys_scenarios_spec.rb:947.4719900420023
spec/integration/deploy/stemcell_configuration_spec.rb:828.6532015530101
spec/integration/cli_restart_isolated_spec.rb:661.5306756490027
spec/integration/cli_vms_spec.rb:504.637009048005
spec/integration/deploy_job_update_spec.rb:463.9323265940038
spec/integration/keep_unreachable_vms_spec.rb:315.01981482401607
spec/integration/cli_instances_spec.rb:213.88585017698642
spec/integration/cli_cck/dns_enabled_old_cloud_config_spec.rb:184.10073484599707
spec/integration/links/export_release_spec.rb:179.9432626570051
spec/integration/update_settings_spec.rb:172.0340334700013
spec/integration/vm_delete_spec.rb:128.09661793301348
spec/integration/global_networking/delete_deployment_spec.rb:116.49317290500039
spec/integration/delete_arp_entries_spec.rb:85.57806162000634
spec/integration/fetching_logs_spec.rb:79.68363011299516
spec/integration/blob_verification_spec.rb:54.016677391991834
spec/integration/director_certificate_expiry_spec.rb:16.53642180400493
Run options: exclude {create_swap_delete: true, db: :postgresql}
spec/integration/links_local_dns_spec.rb:2292.589822723996
spec/integration/create_swap_delete_update_spec.rb:1276.4940365479997
spec/integration/network_configuration_spec.rb:1055.2494694819907
spec/integration/global_networking/vip_networks_spec.rb:945.4552505629981
spec/integration/links/consuming_and_providing_spec.rb:926.352622521008
spec/integration/cli_cleanup_spec.rb:875.3450241800019
spec/integration/deploy/compiled_releases_spec.rb:736.4290142949903
spec/integration/cross_release_collocation_spec.rb:391.3343204240082
spec/integration/deploy/password_spec.rb:387.9236221790052
spec/integration/config_server/tags_spec.rb:370.36710362099984
spec/integration/deploy/encoding_spec.rb:275.9539960750117
spec/integration/cli_cck/dns_enabled_missing_disks_spec.rb:230.15251936099958
spec/integration/config_server/config_server_disabled_spec.rb:182.90813183899445
spec/integration/cli_cloud_config_spec.rb:139.46341978899727
spec/integration/links/dns_alias_spec.rb:138.49791638099123
spec/integration/cli_cck/cloud_config_update_spec.rb:104.71274186299706
spec/integration/errand/errands_variable_set_bug_spec.rb:77.58520472599776
spec/integration/cancel_task_spec.rb:55.5358418859978
spec/integration_support/spec/dummy_cpi_spec.rb:0.4477076409966685
spec/integration_support/spec/director_service_spec.rb:0.12477184701128863
spec/integration_support/spec/sandbox_spec.rb:0.057908119983039796
spec/integration_support/spec/http_endpoint_connector_spec.rb:0.026399698021123186
spec/shared/shared_support/spec/deployment_manifest_helper_spec.rb:0.022436622995883226
spec/integration_support/spec/socket_connector_spec.rb:0.017524314986076206
spec/integration_support/spec/table_helpers_spec.rb:0.007633288012584671
